adclient.autoedit                        Software/Policies/Centrify/CentrifyDC/Settings/Adclient/adclient.autoedit
adclient.autoedit.dsconfig               Software/Policies/Centrify/CentrifyDC/Settings/Adclient/adclient.autoedit.dsconfig
adclient.autoedit.methods                Software/Policies/Centrify/CentrifyDC/Settings/Adclient/adclient.autoedit.methods
adclient.autoedit.nscd                   Software/Policies/Centrify/CentrifyDC/Settings/Adclient/adclient.autoedit.nscd
adclient.autoedit.nss                    Software/Policies/Centrify/CentrifyDC/Settings/Adclient/adclient.autoedit.nss
adclient.autoedit.pam                    Software/Policies/Centrify/CentrifyDC/Settings/Adclient/adclient.autoedit.pam
adclient.autoedit.pwgrd                  Software/Policies/Centrify/CentrifyDC/Settings/Adclient/adclient.autoedit.pwgrd
adclient.autoedit.user                   Software/Policies/Centrify/CentrifyDC/Settings/Adclient/adclient.autoedit.user
adclient.cache.cleanup.interval          Software/Policies/Centrify/CentrifyDC/Settings/Adclient/adclient.cache.cleanup.interval
adclient.cache.encrypt                   Software/Policies/Centrify/CentrifyDC/Settings/Adclient/adclient.cache.encrypt
adclient.cache.encryption.type           Software/Policies/Centrify/CentrifyDC/Settings/Adclient/adclient.cache.encryption.type
adclient.cache.expires                   Software/Policies/Centrify/CentrifyDC/Settings/Timeouts/adclient.cache.expires
adclient.cache.expires.gc                Software/Policies/Centrify/CentrifyDC/Settings/Timeouts/adclient.cache.expires.gc
adclient.cache.expires.group             Software/Policies/Centrify/CentrifyDC/Settings/Timeouts/adclient.cache.expires.group
adclient.cache.expires.user              Software/Policies/Centrify/CentrifyDC/Settings/Timeouts/adclient.cache.expires.user
adclient.cache.negative.lifetime         Software/Policies/Centrify/CentrifyDC/Settings/Timeouts/adclient.cache.negative.lifetime
adclient.client.idle.timeout             Software/Policies/Centrify/CentrifyDC/Settings/Timeouts/adclient.client.idle.timeout
adclient.clients.threads                 Software/Policies/Centrify/CentrifyDC/Settings/Adclient/adclient.clients.threads
adclient.clients.threads.max             Software/Policies/Centrify/CentrifyDC/Settings/Adclient/adclient.clients.threads.max
adclient.custom.attributes               Software/Policies/Centrify/CentrifyDC/Settings/Adclient/adclient.custom.attributes
adclient.custom.attributes.computer      Software/Policies/Centrify/CentrifyDC/Settings/Adclient/adclient.custom.attributes.computer
adclient.custom.attributes.group         Software/Policies/Centrify/CentrifyDC/Settings/Adclient/adclient.custom.attributes.group
adclient.custom.attributes.user          Software/Policies/Centrify/CentrifyDC/Settings/Adclient/adclient.custom.attributes.user
adclient.disk.check.free                 Software/Policies/Centrify/CentrifyDC/Settings/Adclient/adclient.disk.check.free
adclient.disk.check.interval             Software/Policies/Centrify/CentrifyDC/Settings/Adclient/adclient.disk.check.interval
adclient.dns.cache.size                  Software/Policies/Centrify/CentrifyDC/Settings/Timeouts/adclient.dns.cache.size
adclient.dns.cache.timeout               Software/Policies/Centrify/CentrifyDC/Settings/Timeouts/adclient.dns.cache.timeout
adclient.dns.update.interval             Software/Policies/Centrify/CentrifyDC/Settings/Timeouts/adclient.dns.update.interval
adclient.dumpcore                        Software/Policies/Centrify/CentrifyDC/Settings/Adclient/adclient.dumpcore
adclient.dzdo.clear.passwd.timestamp     Software/Policies/Centrify/CentrifyDC/Settings/Dzdo/adclient.dzdo.clear.passwd.timestamp
adclient.fetch.object.count              Software/Policies/Centrify/CentrifyDC/Settings/adclient.fetch.object.count
adclient.force.salt.lookup               Software/Policies/Centrify/CentrifyDC/Settings/Adclient/adclient.force.salt.lookup
adclient.hash.allow                      Software/Policies/Centrify/CentrifyDC/Settings/adclient.hash.allow
adclient.hash.deny                       Software/Policies/Centrify/CentrifyDC/Settings/adclient.hash.deny
adclient.hash.expires                    Software/Policies/Centrify/CentrifyDC/Settings/adclient.hash.expires
adclient.krb5.autoedit                   Software/Policies/Centrify/CentrifyDC/Settings/Kerberos/adclient.krb5.autoedit
adclient.krb5.password.change.interval   Software/Policies/Centrify/CentrifyDC/Settings/Kerberos/adclient.krb5.password.change.interval
adclient.ldap.socket.timeout             Software/Policies/Centrify/CentrifyDC/Settings/Timeouts/adclient.ldap.socket.timeout
adclient.ldap.timeout                    Software/Policies/Centrify/CentrifyDC/Settings/Timeouts/adclient.ldap.timeout
adclient.ldap.timeout.search             Software/Policies/Centrify/CentrifyDC/Settings/Timeouts/adclient.ldap.timeout.search
adclient.ldap.trust.enabled              Software/Policies/Centrify/CentrifyDC/Settings/Timeouts/adclient.ldap.trust.enabled
adclient.ldap.trust.timeout              Software/Policies/Centrify/CentrifyDC/Settings/Timeouts/adclient.ldap.trust.timeout
adclient.local.group.merge               Software/Policies/Centrify/CentrifyDC/Settings/adclient.local.group.merge
adclient.lrpc2.receive.timeout           Software/Policies/Centrify/CentrifyDC/Settings/Timeouts/adclient.lrpc2.receive.timeout
adclient.lrpc2.send.timeout              Software/Policies/Centrify/CentrifyDC/Settings/Timeouts/adclient.lrpc2.send.timeout
adclient.mac.map.home.to.users           Software/Policies/Centrify/CentrifyDC/Settings/Adclient/adclient.mac.map.home.to.users
adclient.prefer.cache.validation         Software/Policies/Centrify/CentrifyDC/Settings/adclient.prefer.cache.validation
adclient.prevalidate.allow.groups        Software/Policies/Centrify/CentrifyDC/Settings/Prevalidation/adclient.prevalidate.allow.groups
adclient.prevalidate.allow.users         Software/Policies/Centrify/CentrifyDC/Settings/Prevalidation/adclient.prevalidate.allow.users
adclient.prevalidate.deny.groups         Software/Policies/Centrify/CentrifyDC/Settings/Prevalidation/adclient.prevalidate.deny.groups
adclient.prevalidate.deny.users          Software/Policies/Centrify/CentrifyDC/Settings/Prevalidation/adclient.prevalidate.deny.users
adclient.prevalidate.interval            Software/Policies/Centrify/CentrifyDC/Settings/Prevalidation/adclient.prevalidate.interval
adclient.prevalidate.service             Software/Policies/Centrify/CentrifyDC/Settings/Prevalidation/adclient.prevalidate.service
adclient.server.try.max                  Software/Policies/Centrify/CentrifyDC/Settings/Timeouts/adclient.server.try.max
adclient.sudo.clear.passwd.timestamp     Software/Policies/Centrify/CentrifyDC/Settings/Sudo/adclient.sudo.clear.passwd.timestamp
adclient.udp.timeout                     Software/Policies/Centrify/CentrifyDC/Settings/Timeouts/adclient.udp.timeout
adclient.use.all.cpus                    Software/Policies/Centrify/CentrifyDC/Settings/Adclient/adclient.use.all.cpus
adclient.user.lookup.cn                  Software/Policies/Centrify/CentrifyDC/Settings/Timeouts/adclient.user.lookup.cn
adclient.user.lookup.display             Software/Policies/Centrify/CentrifyDC/Settings/Timeouts/adclient.user.lookup.display
adpasswd.account.disabled.mesg           Software/Policies/Centrify/CentrifyDC/Settings/PasswordPrompt/adpasswd.account.disabled.mesg
adpasswd.account.invalid.mesg            Software/Policies/Centrify/CentrifyDC/Settings/PasswordPrompt/adpasswd.account.invalid.mesg
adpasswd.password.change.disabled.mesg   Software/Policies/Centrify/CentrifyDC/Settings/PasswordPrompt/adpasswd.password.change.disabled.mesg
adpasswd.password.change.perm.mesg       Software/Policies/Centrify/CentrifyDC/Settings/PasswordPrompt/adpasswd.password.change.perm.mesg
adupdate.useradd.group.default           Software/Policies/Centrify/CentrifyDC/Settings/Miscellaneous/adupdate.useradd.group.default
auto.schema.allow.groups                 Software/Policies/Centrify/CentrifyDC/Settings/Adclient/auto.schema.allow.groups
auto.schema.allow.users                  Software/Policies/Centrify/CentrifyDC/Settings/Adclient/auto.schema.allow.users
auto.schema.apple_scheme                 Software/Policies/Centrify/CentrifyDC/Settings/Adclient/auto.schema.apple_scheme
auto.schema.domain.prefix                Software/Policies/Centrify/CentrifyDC/Settings/Adclient/wsdomainprefixoverride/
auto.schema.groups                       Software/Policies/Centrify/CentrifyDC/Settings/Adclient/auto.schema.groups
auto.schema.homedir                      Software/Policies/Centrify/CentrifyDC/Settings/Adclient/auto.schema.homedir
auto.schema.primary.gid                  Software/Policies/Centrify/CentrifyDC/Settings/Adclient/auto.schema.primary.gid
auto.schema.remote.file.service          Software/Policies/Centrify/CentrifyDC/Settings/Adclient/auto.schema.remote.file.service
auto.schema.shell                        Software/Policies/Centrify/CentrifyDC/Settings/Adclient/auto.schema.shell
auto.schema.use.adhomedir                Software/Policies/Centrify/CentrifyDC/Settings/Adclient/auto.schema.use.adhomedir
dns.block                                Software/Policies/Centrify/CentrifyDC/Settings/BlockDNS/dns.block
dns.cache.timeout                        Software/Policies/Centrify/CentrifyDC/Settings/Timeouts/dns.cache.timeout
dns.dc                                   Software/Policies/Centrify/CentrifyDC/Settings/dnsoverridedc/
dns.forcetcp                             Software/Policies/Centrify/CentrifyDC/Settings/Timeouts/dns.forcetcp
dns.gc                                   Software/Policies/Centrify/CentrifyDC/Settings/dnsoverridegc/
dns.max.udp.packet                       Software/Policies/Centrify/CentrifyDC/Settings/Timeouts/dns.max.udp.packet
dns.rotate                               Software/Policies/Centrify/CentrifyDC/Settings/Timeouts/dns.rotate
dzdo.always_set_home                     Software/Policies/Centrify/CentrifyDC/Settings/Dzdo/dzdo.always_set_home
dzdo.badpass_message                     Software/Policies/Centrify/CentrifyDC/Settings/Dzdo/dzdo.badpass_message
dzdo.env_check                           Software/Policies/Centrify/CentrifyDC/Settings/Dzdo/dzdo.env_check
dzdo.env_delete                          Software/Policies/Centrify/CentrifyDC/Settings/Dzdo/dzdo.env_delete
dzdo.env_keep                            Software/Policies/Centrify/CentrifyDC/Settings/Dzdo/dzdo.env_keep
dzdo.lecture                             Software/Policies/Centrify/CentrifyDC/Settings/Dzdo/dzdo.lecture
dzdo.lecture_file                        Software/Policies/Centrify/CentrifyDC/Settings/Dzdo/dzdo.lecture_file
dzdo.log_good                            Software/Policies/Centrify/CentrifyDC/Settings/Dzdo/dzdo.log_good
dzdo.passprompt                          Software/Policies/Centrify/CentrifyDC/Settings/Dzdo/dzdo.passprompt
dzdo.passwd_timeout                      Software/Policies/Centrify/CentrifyDC/Settings/Dzdo/dzdo.passwd_timeout
dzdo.path_info                           Software/Policies/Centrify/CentrifyDC/Settings/Dzdo/dzdo.path_info
dzdo.search_path                         Software/Policies/Centrify/CentrifyDC/Settings/Dzdo/dzdo.search_path
dzdo.secure_path                         Software/Policies/Centrify/CentrifyDC/Settings/Dzdo/dzdo.secure_path
dzdo.set.runas.explicit                  Software/Policies/Centrify/CentrifyDC/Settings/Dzdo/dzdo.set.runas.explicit
dzdo.set_home                            Software/Policies/Centrify/CentrifyDC/Settings/Dzdo/dzdo.set_home
dzdo.timestamp_timeout                   Software/Policies/Centrify/CentrifyDC/Settings/Dzdo/dzdo.timestamp_timeout
dzdo.timestampdir                        Software/Policies/Centrify/CentrifyDC/Settings/Dzdo/dzdo.timestampdir
dzdo.tty_tickets                         Software/Policies/Centrify/CentrifyDC/Settings/Dzdo/dzdo.tty_tickets
dzdo.use.realpath                        Software/Policies/Centrify/CentrifyDC/Settings/Dzdo/dzdo.use.realpath
dzdo.validator                           Software/Policies/Centrify/CentrifyDC/Settings/Dzdo/dzdo.validator
dzdo.validator.required                  Software/Policies/Centrify/CentrifyDC/Settings/Dzdo/dzdo.validator.required
gp.disable.user                          Software/Policies/Centrify/CentrifyDC/Settings/GP/gp.disable.user
gp.mappers.machine                       Software/Policies/Centrify/CentrifyDC/Settings/GP/gp.mappers.machine
gp.mappers.timeout                       Software/Policies/Centrify/CentrifyDC/Settings/GP/gp.mappers.timeout
gp.mappers.timeout.all                   Software/Policies/Centrify/CentrifyDC/Settings/GP/gp.mappers.timeout.all
gp.mappers.user                          Software/Policies/Centrify/CentrifyDC/Settings/GP/gp.mappers.user
krb5.cache.infinite.renewal              Software/Policies/Centrify/CentrifyDC/Settings/Kerberos/krb5.cache.infinite.renewal
krb5.cache.renew.interval                Software/Policies/Centrify/CentrifyDC/Settings/Kerberos/krb5.cache.renew.interval
krb5.cache.type                          Software/Policies/Centrify/CentrifyDC/Settings/Kerberos/krb5.cache.type
krb5.config.update                       Software/Policies/Centrify/CentrifyDC/Settings/Kerberos/krb5.config.update
krb5.forcetcp                            Software/Policies/Centrify/CentrifyDC/Settings/Kerberos/krb5.forcetcp
krb5.forwardable.user.tickets            Software/Policies/Centrify/CentrifyDC/Settings/Kerberos/krb5.forwardable.user.tickets
krb5.generate.kvno                       Software/Policies/Centrify/CentrifyDC/Settings/Kerberos/krb5.generate.kvno
krb5.udp.preference.limit                Software/Policies/Centrify/CentrifyDC/Settings/Kerberos/krb5.udp.preference.limit
krb5.use.dns.lookup.kdc                  Software/Policies/Centrify/CentrifyDC/Settings/Kerberos/krb5.use.dns.lookup.kdc
krb5.use.dns.lookup.realm                Software/Policies/Centrify/CentrifyDC/Settings/Kerberos/krb5.use.dns.lookup.realm
krb5.use.kdc.timesync                    Software/Policies/Centrify/CentrifyDC/Settings/Kerberos/krb5.use.kdc.timesync
logger.facility.*                        Software/Policies/Centrify/CentrifyDC/Settings/Logging/logger.facility.*
logger.facility.adclient                 Software/Policies/Centrify/CentrifyDC/Settings/Logging/logger.facility.adclient
logger.facility.adnisd                   Software/Policies/Centrify/CentrifyDC/Settings/Logging/logger.facility.adnisd
logger.queue.size                        Software/Policies/Centrify/CentrifyDC/Settings/Logging/logger.queue.size
lrpc.timeout                             Software/Policies/Centrify/CentrifyDC/Settings/Timeouts/lrpc.timeout
mac.network.autoedit.mdns_timeout        Software/Policies/Centrify/CentrifyDC/Settings/Mac/Network/mac.network.autoedit.mdns_timeout
mac.network.mdns_timeout                 Software/Policies/Centrify/CentrifyDC/Settings/Mac/Network/mac.network.mdns_timeout
nisd.domain.name                         Software/Policies/Centrify/CentrifyDC/Settings/nis/nisd.domain.name
nisd.exclude.maps                        Software/Policies/Centrify/CentrifyDC/Settings/nis/nisd.exclude.maps
nisd.largegroup.name.length              Software/Policies/Centrify/CentrifyDC/Settings/nis/nisd.largegroup.name.length
nisd.largegroup.suffix                   Software/Policies/Centrify/CentrifyDC/Settings/nis/nisd.largegroup.suffix
nisd.maps                                Software/Policies/Centrify/CentrifyDC/Settings/nis/nisd.maps
nisd.maps.max                            Software/Policies/Centrify/CentrifyDC/Settings/nis/nisd.maps.max
nisd.securenets                          Software/Policies/Centrify/CentrifyDC/Settings/nis/nisd.securenets
nisd.server.switch.delay                 Software/Policies/Centrify/CentrifyDC/Settings/nis/nisd.server.switch.delay
nisd.startup.delay                       Software/Policies/Centrify/CentrifyDC/Settings/nis/nisd.startup.delay
nisd.threads                             Software/Policies/Centrify/CentrifyDC/Settings/nis/nisd.threads
nisd.update.interval                     Software/Policies/Centrify/CentrifyDC/Settings/nis/nisd.update.interval
nss.group.ignore                         Software/Policies/Centrify/CentrifyDC/Settings/Login/nss.group.ignore
nss.group.override                       Software/Policies/Centrify/CentrifyDC/Settings/NSSOverrides/Group/nss.group.override
nss.mingid                               Software/Policies/Centrify/CentrifyDC/Settings/Login/nss.mingid
nss.minuid                               Software/Policies/Centrify/CentrifyDC/Settings/Login/nss.minuid
nss.passwd.override                      Software/Policies/Centrify/CentrifyDC/Settings/NSSOverrides/Passwd/nss.passwd.override
nss.squash.root                          Software/Policies/Centrify/CentrifyDC/Settings/NSSRootUser/nss.squash.root
nss.user.ignore                          Software/Policies/Centrify/CentrifyDC/Settings/Login/nss.user.ignore
pam.account.conflict.both.mesg           Software/Policies/Centrify/CentrifyDC/Settings/Pam/pam.account.conflict.both.mesg
pam.account.conflict.name.mesg           Software/Policies/Centrify/CentrifyDC/Settings/Pam/pam.account.conflict.name.mesg
pam.account.conflict.uid.mesg            Software/Policies/Centrify/CentrifyDC/Settings/Pam/pam.account.conflict.uid.mesg
pam.account.disabled.mesg                Software/Policies/Centrify/CentrifyDC/Settings/PasswordPrompt/pam.account.disabled.mesg
pam.account.expired.mesg                 Software/Policies/Centrify/CentrifyDC/Settings/PasswordPrompt/pam.account.expired.mesg
pam.account.locked.mesg                  Software/Policies/Centrify/CentrifyDC/Settings/PasswordPrompt/pam.account.locked.mesg
pam.adclient.down.mesg                   Software/Policies/Centrify/CentrifyDC/Settings/PasswordPrompt/pam.adclient.down.mesg
pam.allow.groups                         Software/Policies/Centrify/CentrifyDC/Settings/Login/pam.allow.groups
pam.allow.override                       Software/Policies/Centrify/CentrifyDC/Settings/Login/pam.allow.override
pam.allow.users                          Software/Policies/Centrify/CentrifyDC/Settings/Login/pam.allow.users
pam.auth.create.krb5.cache               Software/Policies/Centrify/CentrifyDC/Settings/Kerberos/pam.auth.create.krb5.cache
pam.auth.failure.mesg                    Software/Policies/Centrify/CentrifyDC/Settings/PasswordPrompt/pam.auth.failure.mesg
pam.create.k5login                       Software/Policies/Centrify/CentrifyDC/Settings/Pam/pam.create.k5login
pam.deny.groups                          Software/Policies/Centrify/CentrifyDC/Settings/Login/pam.deny.groups
pam.deny.users                           Software/Policies/Centrify/CentrifyDC/Settings/Login/pam.deny.users
pam.homedir.create                       Software/Policies/Centrify/CentrifyDC/Settings/Pam/pam.homedir.create
pam.homedir.create.mesg                  Software/Policies/Centrify/CentrifyDC/Settings/Pam/pam.homedir.create.mesg
pam.mapuser                              Software/Policies/Centrify/CentrifyDC/Settings/UserMap/
pam.password.change.mesg                 Software/Policies/Centrify/CentrifyDC/Settings/PasswordPrompt/pam.password.change.mesg
pam.password.change.required.mesg        Software/Policies/Centrify/CentrifyDC/Settings/PasswordPrompt/pam.password.change.required.mesg
pam.password.confirm.mesg                Software/Policies/Centrify/CentrifyDC/Settings/PasswordPrompt/pam.password.confirm.mesg
pam.password.empty.mesg                  Software/Policies/Centrify/CentrifyDC/Settings/PasswordPrompt/pam.password.empty.mesg
pam.password.enter.mesg                  Software/Policies/Centrify/CentrifyDC/Settings/PasswordPrompt/pam.password.enter.mesg
pam.password.expiry.warn.mesg            Software/Policies/Centrify/CentrifyDC/Settings/PasswordPrompt/pam.password.expiry.warn.mesg
pam.password.new.mesg                    Software/Policies/Centrify/CentrifyDC/Settings/PasswordPrompt/pam.password.new.mesg
pam.password.new.mismatch.mesg           Software/Policies/Centrify/CentrifyDC/Settings/PasswordPrompt/pam.password.new.mismatch.mesg
pam.password.old.mesg                    Software/Policies/Centrify/CentrifyDC/Settings/PasswordPrompt/pam.password.old.mesg
pam.policy.violation.mesg                Software/Policies/Centrify/CentrifyDC/Settings/PasswordPrompt/pam.policy.violation.mesg
pam.sync.mapuser                         Software/Policies/Centrify/CentrifyDC/Settings/Login/pam.sync.mapuser
pam.uid.conflict                         Software/Policies/Centrify/CentrifyDC/Settings/Pam/pam.uid.conflict
pam.workstation.denied.mesg              Software/Policies/Centrify/CentrifyDC/Settings/PasswordPrompt/pam.workstation.denied.mesg
pam_hidden_allow_or_deny                 Software/Policies/Centrify/CentrifyDC/Settings/Login/pam_hidden_allow_or_deny
pam_hidden_groups                        Software/Policies/Centrify/CentrifyDC/Settings/Login/pam_hidden_groups
pam_hidden_users                         Software/Policies/Centrify/CentrifyDC/Settings/Login/pam_hidden_users
secedit.system.access.lockout.allowofflinelogin Software/Policies/Centrify/CentrifyDC/Settings/Login/secedit.system.access.lockout.allowofflinelogin
